// Jest Snapshot v1, https://goo.gl/fbAQLP

exports[`JSONRuleEngineVisualiser renders properly 1`] = `
<div>
  hello world
</div>
`;
